{user}@ryzen-bazzite:/var/home/{user}$ distrobox enter citrix-ubuntu 
📦[{user}@citrix-ubuntu {user}]$ cat /etc/os-release 
PRETTY_NAME="Ubuntu 24.04.5 LTS"
NAME="Ubuntu"
VERSION_ID="24.04"
VERSION="24.04.5 LTS (Noble Numbat)"
VERSION_CODENAME=noble
ID=ubuntu
ID_LIKE=debian
HOME_URL="https://www.ubuntu.com/"
SUPPORT_URL="https://help.ubuntu.com/"
BUG_REPORT_URL="https://bugs.launchpad.net/ubuntu/"
PRIVACY_POLICY_URL="https://www.ubuntu.com/legal/terms-and-policies/privacy-policy"
UBUNTU_CODENAME=noble
LOGO=ubuntu-logo
📦[{user}@citrix-ubuntu {user}]$ dpkg-query -W -f='${Package} ${Version} ${Architecture}\n' icaclient
icaclient 26.04.10.1 amd64
📦[{user}@citrix-ubuntu {user}]$ echo $DISPLAY
:0
📦[{user}@citrix-ubuntu {user}]$ echo $WAYLAND_DISPLAY
wayland-0
📦[{user}@citrix-ubuntu {user}]$ echo $XDG_SESSION_TYPE
wayland
📦[{user}@citrix-ubuntu {user}]$ nvidia-smi
Mon Sep 21 21:37:30 2026       
+-----------------------------------------------------------------------------------------+
| NVIDIA-SMI 580.178.04             Driver Version: 580.178.04     CUDA Version: 13.0     |
+-----------------------------------------+------------------------+----------------------+
| GPU  Name                 Persistence-M | Bus-Id          Disp.A | Volatile Uncorr. ECC |
| Fan  Temp   Perf          Pwr:Usage/Cap |           Memory-Usage | GPU-Util  Compute M. |
|                                         |                        |               MIG M. |
|=========================================+========================+======================|
|   0  NVIDIA GeForce GTX 1070        Off |   00000000:07:00.0  On |                  N/A |
|  0%   59C    P5             16W /  151W |    1545MiB /   8192MiB |      4%      Default |
|                                         |                        |                  N/A |
+-----------------------------------------+------------------------+----------------------+

+-----------------------------------------------------------------------------------------+
| Processes:                                                                              |
|  GPU   GI   CI              PID   Type   Process name                        GPU Memory |
|        ID   ID                                                               Usage      |
|=========================================================================================|
|  No running processes found                                                             |
+-----------------------------------------------------------------------------------------+
📦[{user}@citrix-ubuntu {user}]$ glxinfo -B
Command 'glxinfo' not found, but can be installed with:
sudo apt install mesa-utils
📦[{user}@citrix-ubuntu {user}]$ pgrep -x wfica
6523
